// Jest Snapshot v1, https://goo.gl/fbAQLP

exports[`EntitiesToggleControl renders correctly 1`] = `
<div
  class="test-class wz-toggle-control"
>
  <div
    class="wz-toggle-control-item"
  >
    <label
      for="wz-toggle-control-item__input-option-1-1"
    >
      <input
        checked=""
        id="wz-toggle-control-item__input-option-1-1"
        type="checkbox"
        value="1"
      />
      Option 1
    </label>
  </div>
  <div
    class="wz-toggle-control-item"
  >
    <label
      for="wz-toggle-control-item__input-option-2-2"
    >
      <input
        id="wz-toggle-control-item__input-option-2-2"
        type="checkbox"
        value="2"
      />
      Option 2
    </label>
  </div>
  <div
    class="wz-toggle-control-item"
  >
    <label
      for="wz-toggle-control-item__input-option-3-3"
    >
      <input
        id="wz-toggle-control-item__input-option-3-3"
        type="checkbox"
        value="3"
      />
      Option 3
    </label>
  </div>
</div>
`;

exports[`EntitiesToggleControl renders the NoOptionsMessage when there are no options 1`] = `
<p
  class="wp-entities-search-no-option-message"
>
  No options
</p>
`;
