// Jest Snapshot v1, https://goo.gl/fbAQLP

exports[`KindRadioControl renders the NoOptionsMessage when there are no options 1`] = `
<div
  class="test-class wes-radio-control"
/>
`;

exports[`KindRadioControl renders the component 1`] = `
<input
  checked=""
  id=":r0:"
  type="radio"
  value="option-one"
/>
`;
