// Jest Snapshot v1, https://goo.gl/fbAQLP

exports[`Posts Post Types Controller render the given components 1`] = `
<DocumentFragment>
  <div>
    Post Type Component
  </div>
  <div>
    Posts Component
  </div>
</DocumentFragment>
`;
